// Jest Snapshot v1, https://goo.gl/fbAQLP

exports[`should render correctly ExpenseListItem 1`] = `
<div>
  <h3>
    manga
  </h3>
  <p>
    100
     - 
    10/01/1970
  </p>
  <Link
    replace={false}
    to="/edit/1"
  >
    <button>
      edit
    </button>
  </Link>
</div>
`;
